// Vitest Snapshot v1, https://vitest.dev/guide/snapshot.html

exports[`tick characterisation > seed 11111 — 36 months, yearly fingerprints 1`] = `
[
  {
    "injured": 0,
    "legend": 17,
    "logLines": 150,
    "missions": 0,
    "month": 1,
    "morale": 45,
    "power": 4715,
    "prestigeTier": "D",
    "prospects": 13,
    "reputation": 0,
    "ryo": 36123,
    "shinobi": 22,
    "squads": 0,
    "staff": 2,
    "year": 2,
  },
  {
    "injured": 0,
    "legend": 76,
    "logLines": 150,
    "missions": 0,
    "month": 1,
    "morale": 46,
    "power": 4781,
    "prestigeTier": "C",
    "prospects": 21,
    "reputation": 10,
    "ryo": 54401,
    "shinobi": 22,
    "squads": 0,
    "staff": 1,
    "year": 3,
  },
  {
    "injured": 0,
    "legend": 131,
    "logLines": 150,
    "missions": 0,
    "month": 1,
    "morale": 38,
    "power": 3950,
    "prestigeTier": "C",
    "prospects": 13,
    "reputation": 10,
    "ryo": 96776,
    "shinobi": 18,
    "squads": 0,
    "staff": 1,
    "year": 4,
  },
]
`;

exports[`tick characterisation > seed 13579 — 120 months, a full decade 1`] = `
[
  {
    "injured": 0,
    "legend": 17,
    "logLines": 150,
    "missions": 0,
    "month": 1,
    "morale": 46,
    "power": 4778,
    "prestigeTier": "D",
    "prospects": 13,
    "reputation": 2,
    "ryo": 21336,
    "shinobi": 22,
    "squads": 0,
    "staff": 2,
    "year": 2,
  },
  {
    "injured": 0,
    "legend": 78,
    "logLines": 150,
    "missions": 0,
    "month": 1,
    "morale": 30,
    "power": 4635,
    "prestigeTier": "C",
    "prospects": 24,
    "reputation": 10,
    "ryo": 3883,
    "shinobi": 21,
    "squads": 0,
    "staff": 1,
    "year": 3,
  },
  {
    "injured": 0,
    "legend": 124,
    "logLines": 150,
    "missions": 0,
    "month": 1,
    "morale": 30,
    "power": 4308,
    "prestigeTier": "C",
    "prospects": 15,
    "reputation": 10,
    "ryo": -1926,
    "shinobi": 19,
    "squads": 0,
    "staff": 1,
    "year": 4,
  },
  {
    "injured": 0,
    "legend": 173,
    "logLines": 150,
    "missions": 0,
    "month": 1,
    "morale": 40,
    "power": 3627,
    "prestigeTier": "B",
    "prospects": 17,
    "reputation": 16,
    "ryo": -2650,
    "shinobi": 15,
    "squads": 0,
    "staff": 1,
    "year": 5,
  },
  {
    "injured": 0,
    "legend": 226,
    "logLines": 150,
    "missions": 0,
    "month": 1,
    "morale": 40,
    "power": 3332,
    "prestigeTier": "B",
    "prospects": 18,
    "reputation": 20,
    "ryo": 4801,
    "shinobi": 14,
    "squads": 0,
    "staff": 1,
    "year": 6,
  },
  {
    "injured": 0,
    "legend": 264,
    "logLines": 150,
    "missions": 0,
    "month": 1,
    "morale": 51,
    "power": 3367,
    "prestigeTier": "B",
    "prospects": 14,
    "reputation": 20,
    "ryo": 44298,
    "shinobi": 14,
    "squads": 0,
    "staff": 0,
    "year": 7,
  },
  {
    "injured": 0,
    "legend": 312,
    "logLines": 150,
    "missions": 0,
    "month": 1,
    "morale": 100,
    "power": 3400,
    "prestigeTier": "A",
    "prospects": 19,
    "reputation": 35,
    "ryo": 221891,
    "shinobi": 14,
    "squads": 0,
    "staff": 0,
    "year": 8,
  },
  {
    "injured": 0,
    "legend": 363,
    "logLines": 150,
    "missions": 0,
    "month": 1,
    "morale": 100,
    "power": 3448,
    "prestigeTier": "A",
    "prospects": 17,
    "reputation": 35,
    "ryo": 424102,
    "shinobi": 14,
    "squads": 0,
    "staff": 0,
    "year": 9,
  },
  {
    "injured": 0,
    "legend": 418,
    "logLines": 150,
    "missions": 0,
    "month": 1,
    "morale": 100,
    "power": 3480,
    "prestigeTier": "A",
    "prospects": 20,
    "reputation": 35,
    "ryo": 610717,
    "shinobi": 14,
    "squads": 0,
    "staff": 0,
    "year": 10,
  },
  {
    "injured": 0,
    "legend": 598,
    "logLines": 150,
    "missions": 0,
    "month": 1,
    "morale": 98,
    "power": 3512,
    "prestigeTier": "S",
    "prospects": 14,
    "reputation": 37,
    "ryo": 787282,
    "shinobi": 14,
    "squads": 0,
    "staff": 0,
    "year": 11,
  },
]
`;

exports[`tick characterisation > seed 24680 — 36 months, yearly fingerprints 1`] = `
[
  {
    "injured": 0,
    "legend": 8,
    "logLines": 150,
    "missions": 0,
    "month": 1,
    "morale": 89,
    "power": 4437,
    "prestigeTier": "D",
    "prospects": 8,
    "reputation": 5,
    "ryo": 77626,
    "shinobi": 22,
    "squads": 0,
    "staff": 2,
    "year": 2,
  },
  {
    "injured": 0,
    "legend": 61,
    "logLines": 150,
    "missions": 0,
    "month": 1,
    "morale": 33,
    "power": 4486,
    "prestigeTier": "C",
    "prospects": 21,
    "reputation": 4,
    "ryo": 30502,
    "shinobi": 22,
    "squads": 0,
    "staff": 1,
    "year": 3,
  },
  {
    "injured": 0,
    "legend": 116,
    "logLines": 150,
    "missions": 0,
    "month": 1,
    "morale": 30,
    "power": 3938,
    "prestigeTier": "C",
    "prospects": 15,
    "reputation": 10,
    "ryo": 68855,
    "shinobi": 20,
    "squads": 0,
    "staff": 1,
    "year": 4,
  },
]
`;

exports[`tick characterisation > seed 98765 — 36 months, yearly fingerprints 1`] = `
[
  {
    "injured": 0,
    "legend": 8,
    "logLines": 150,
    "missions": 0,
    "month": 1,
    "morale": 70,
    "power": 4758,
    "prestigeTier": "D",
    "prospects": 10,
    "reputation": 0,
    "ryo": 97082,
    "shinobi": 22,
    "squads": 0,
    "staff": 2,
    "year": 2,
  },
  {
    "injured": 0,
    "legend": 58,
    "logLines": 150,
    "missions": 0,
    "month": 1,
    "morale": 80,
    "power": 4813,
    "prestigeTier": "C",
    "prospects": 21,
    "reputation": 6,
    "ryo": 121483,
    "shinobi": 22,
    "squads": 0,
    "staff": 1,
    "year": 3,
  },
  {
    "injured": 0,
    "legend": 111,
    "logLines": 150,
    "missions": 0,
    "month": 1,
    "morale": 98,
    "power": 4581,
    "prestigeTier": "C",
    "prospects": 20,
    "reputation": 10,
    "ryo": 187431,
    "shinobi": 21,
    "squads": 0,
    "staff": 1,
    "year": 4,
  },
]
`;
