// Vitest Snapshot v1, https://vitest.dev/guide/snapshot.html

exports[`tick characterisation > seed 11111 — 36 months, yearly fingerprints 1`] = `
[
  {
    "injured": 2,
    "legend": 73,
    "logLines": 150,
    "missions": 5,
    "month": 1,
    "morale": 84,
    "power": 4275,
    "prestigeTier": "C",
    "prospects": 11,
    "reputation": 151,
    "ryo": 656029,
    "shinobi": 20,
    "squads": 0,
    "staff": 2,
    "year": 2,
  },
  {
    "injured": 2,
    "legend": 163,
    "logLines": 150,
    "missions": 1,
    "month": 1,
    "morale": 40,
    "power": 3759,
    "prestigeTier": "B",
    "prospects": 27,
    "reputation": 212,
    "ryo": 1796270,
    "shinobi": 17,
    "squads": 0,
    "staff": 1,
    "year": 3,
  },
  {
    "injured": 0,
    "legend": 224,
    "logLines": 150,
    "missions": 2,
    "month": 1,
    "morale": 81,
    "power": 3084,
    "prestigeTier": "B",
    "prospects": 14,
    "reputation": 276,
    "ryo": 2980190,
    "shinobi": 14,
    "squads": 0,
    "staff": 1,
    "year": 4,
  },
]
`;

exports[`tick characterisation > seed 13579 — 120 months, a full decade 1`] = `
[
  {
    "injured": 3,
    "legend": 94,
    "logLines": 150,
    "missions": 5,
    "month": 1,
    "morale": 96,
    "power": 4756,
    "prestigeTier": "C",
    "prospects": 9,
    "reputation": 206,
    "ryo": 679125,
    "shinobi": 22,
    "squads": 0,
    "staff": 2,
    "year": 2,
  },
  {
    "injured": 5,
    "legend": 194,
    "logLines": 150,
    "missions": 4,
    "month": 1,
    "morale": 40,
    "power": 4262,
    "prestigeTier": "B",
    "prospects": 26,
    "reputation": 323,
    "ryo": 1797754,
    "shinobi": 20,
    "squads": 0,
    "staff": 1,
    "year": 3,
  },
  {
    "injured": 5,
    "legend": 292,
    "logLines": 150,
    "missions": 0,
    "month": 1,
    "morale": 40,
    "power": 3269,
    "prestigeTier": "B",
    "prospects": 32,
    "reputation": 433,
    "ryo": 3006790,
    "shinobi": 15,
    "squads": 0,
    "staff": 1,
    "year": 4,
  },
  {
    "injured": 1,
    "legend": 353,
    "logLines": 150,
    "missions": 2,
    "month": 1,
    "morale": 75,
    "power": 3137,
    "prestigeTier": "A",
    "prospects": 16,
    "reputation": 504,
    "ryo": 4146738,
    "shinobi": 14,
    "squads": 0,
    "staff": 1,
    "year": 5,
  },
  {
    "injured": 0,
    "legend": 420,
    "logLines": 150,
    "missions": 1,
    "month": 1,
    "morale": 100,
    "power": 3150,
    "prestigeTier": "A",
    "prospects": 15,
    "reputation": 587,
    "ryo": 5342075,
    "shinobi": 14,
    "squads": 0,
    "staff": 1,
    "year": 6,
  },
  {
    "injured": 1,
    "legend": 482,
    "logLines": 150,
    "missions": 1,
    "month": 1,
    "morale": 97,
    "power": 3008,
    "prestigeTier": "A",
    "prospects": 17,
    "reputation": 652,
    "ryo": 7479508,
    "shinobi": 14,
    "squads": 0,
    "staff": 0,
    "year": 7,
  },
  {
    "injured": 0,
    "legend": 544,
    "logLines": 150,
    "missions": 0,
    "month": 1,
    "morale": 99,
    "power": 3008,
    "prestigeTier": "S",
    "prospects": 23,
    "reputation": 724,
    "ryo": 10606196,
    "shinobi": 14,
    "squads": 0,
    "staff": 0,
    "year": 8,
  },
  {
    "injured": 0,
    "legend": 595,
    "logLines": 150,
    "missions": 1,
    "month": 1,
    "morale": 100,
    "power": 3061,
    "prestigeTier": "S",
    "prospects": 16,
    "reputation": 807,
    "ryo": 14497302,
    "shinobi": 14,
    "squads": 0,
    "staff": 0,
    "year": 9,
  },
  {
    "injured": 0,
    "legend": 646,
    "logLines": 150,
    "missions": 1,
    "month": 1,
    "morale": 100,
    "power": 3039,
    "prestigeTier": "S",
    "prospects": 13,
    "reputation": 863,
    "ryo": 19046178,
    "shinobi": 14,
    "squads": 0,
    "staff": 0,
    "year": 10,
  },
  {
    "injured": 0,
    "legend": 812,
    "logLines": 150,
    "missions": 1,
    "month": 1,
    "morale": 100,
    "power": 3041,
    "prestigeTier": "S",
    "prospects": 20,
    "reputation": 927,
    "ryo": 23319446,
    "shinobi": 14,
    "squads": 0,
    "staff": 0,
    "year": 11,
  },
]
`;

exports[`tick characterisation > seed 24680 — 36 months, yearly fingerprints 1`] = `
[
  {
    "injured": 2,
    "legend": 51,
    "logLines": 150,
    "missions": 5,
    "month": 1,
    "morale": 73,
    "power": 3786,
    "prestigeTier": "C",
    "prospects": 9,
    "reputation": 108,
    "ryo": 523609,
    "shinobi": 19,
    "squads": 0,
    "staff": 2,
    "year": 2,
  },
  {
    "injured": 4,
    "legend": 148,
    "logLines": 150,
    "missions": 2,
    "month": 1,
    "morale": 30,
    "power": 3784,
    "prestigeTier": "C",
    "prospects": 29,
    "reputation": 182,
    "ryo": 1546239,
    "shinobi": 19,
    "squads": 0,
    "staff": 1,
    "year": 3,
  },
  {
    "injured": 2,
    "legend": 221,
    "logLines": 150,
    "missions": 2,
    "month": 1,
    "morale": 54,
    "power": 3024,
    "prestigeTier": "B",
    "prospects": 22,
    "reputation": 204,
    "ryo": 2625505,
    "shinobi": 16,
    "squads": 0,
    "staff": 1,
    "year": 4,
  },
]
`;

exports[`tick characterisation > seed 98765 — 36 months, yearly fingerprints 1`] = `
[
  {
    "injured": 2,
    "legend": 67,
    "logLines": 150,
    "missions": 5,
    "month": 1,
    "morale": 88,
    "power": 4721,
    "prestigeTier": "C",
    "prospects": 10,
    "reputation": 180,
    "ryo": 936031,
    "shinobi": 22,
    "squads": 0,
    "staff": 2,
    "year": 2,
  },
  {
    "injured": 3,
    "legend": 151,
    "logLines": 150,
    "missions": 4,
    "month": 1,
    "morale": 30,
    "power": 4728,
    "prestigeTier": "B",
    "prospects": 19,
    "reputation": 260,
    "ryo": 2195645,
    "shinobi": 22,
    "squads": 0,
    "staff": 1,
    "year": 3,
  },
  {
    "injured": 0,
    "legend": 241,
    "logLines": 150,
    "missions": 3,
    "month": 1,
    "morale": 48,
    "power": 4443,
    "prestigeTier": "B",
    "prospects": 20,
    "reputation": 359,
    "ryo": 3763320,
    "shinobi": 21,
    "squads": 0,
    "staff": 1,
    "year": 4,
  },
]
`;
