// Vitest Snapshot v1, https://vitest.dev/guide/snapshot.html

exports[`tick characterisation > seed 11111 — 36 months, yearly fingerprints 1`] = `
[
  {
    "injured": 0,
    "legend": 105,
    "logLines": 150,
    "missions": 1,
    "month": 1,
    "morale": 100,
    "power": 4514,
    "prestigeTier": "C",
    "prospects": 10,
    "reputation": 148,
    "ryo": 554402,
    "shinobi": 22,
    "squads": 0,
    "staff": 2,
    "year": 2,
  },
  {
    "injured": 2,
    "legend": 234,
    "logLines": 150,
    "missions": 1,
    "month": 1,
    "morale": 84,
    "power": 4542,
    "prestigeTier": "B",
    "prospects": 18,
    "reputation": 248,
    "ryo": 832297,
    "shinobi": 22,
    "squads": 0,
    "staff": 1,
    "year": 3,
  },
  {
    "injured": 1,
    "legend": 352,
    "logLines": 150,
    "missions": 1,
    "month": 1,
    "morale": 50,
    "power": 4595,
    "prestigeTier": "A",
    "prospects": 17,
    "reputation": 376,
    "ryo": 572948,
    "shinobi": 22,
    "squads": 0,
    "staff": 1,
    "year": 4,
  },
]
`;

exports[`tick characterisation > seed 13579 — 120 months, a full decade 1`] = `
[
  {
    "injured": 0,
    "legend": 87,
    "logLines": 150,
    "missions": 1,
    "month": 1,
    "morale": 100,
    "power": 4449,
    "prestigeTier": "C",
    "prospects": 12,
    "reputation": 115,
    "ryo": 483215,
    "shinobi": 22,
    "squads": 0,
    "staff": 2,
    "year": 2,
  },
  {
    "injured": 1,
    "legend": 228,
    "logLines": 150,
    "missions": 1,
    "month": 1,
    "morale": 100,
    "power": 4143,
    "prestigeTier": "B",
    "prospects": 20,
    "reputation": 201,
    "ryo": 1025805,
    "shinobi": 21,
    "squads": 0,
    "staff": 1,
    "year": 3,
  },
  {
    "injured": 1,
    "legend": 331,
    "logLines": 150,
    "missions": 0,
    "month": 1,
    "morale": 88,
    "power": 3668,
    "prestigeTier": "A",
    "prospects": 15,
    "reputation": 306,
    "ryo": 1066105,
    "shinobi": 18,
    "squads": 0,
    "staff": 1,
    "year": 4,
  },
  {
    "injured": 1,
    "legend": 430,
    "logLines": 150,
    "missions": 0,
    "month": 1,
    "morale": 97,
    "power": 2642,
    "prestigeTier": "A",
    "prospects": 18,
    "reputation": 399,
    "ryo": 1474458,
    "shinobi": 13,
    "squads": 0,
    "staff": 1,
    "year": 5,
  },
  {
    "injured": 0,
    "legend": 537,
    "logLines": 150,
    "missions": 0,
    "month": 1,
    "morale": 100,
    "power": 2678,
    "prestigeTier": "S",
    "prospects": 17,
    "reputation": 487,
    "ryo": 1774981,
    "shinobi": 14,
    "squads": 0,
    "staff": 1,
    "year": 6,
  },
  {
    "injured": 1,
    "legend": 650,
    "logLines": 150,
    "missions": 0,
    "month": 1,
    "morale": 100,
    "power": 2952,
    "prestigeTier": "S",
    "prospects": 19,
    "reputation": 612,
    "ryo": 2360811,
    "shinobi": 14,
    "squads": 0,
    "staff": 0,
    "year": 7,
  },
  {
    "injured": 0,
    "legend": 761,
    "logLines": 150,
    "missions": 1,
    "month": 1,
    "morale": 96,
    "power": 2711,
    "prestigeTier": "S",
    "prospects": 19,
    "reputation": 719,
    "ryo": 3023768,
    "shinobi": 13,
    "squads": 0,
    "staff": 0,
    "year": 8,
  },
  {
    "injured": 0,
    "legend": 878,
    "logLines": 150,
    "missions": 0,
    "month": 1,
    "morale": 100,
    "power": 2957,
    "prestigeTier": "S",
    "prospects": 16,
    "reputation": 833,
    "ryo": 3692711,
    "shinobi": 14,
    "squads": 0,
    "staff": 0,
    "year": 9,
  },
  {
    "injured": 1,
    "legend": 989,
    "logLines": 150,
    "missions": 0,
    "month": 1,
    "morale": 100,
    "power": 2972,
    "prestigeTier": "S",
    "prospects": 18,
    "reputation": 940,
    "ryo": 4477510,
    "shinobi": 14,
    "squads": 0,
    "staff": 0,
    "year": 10,
  },
  {
    "injured": 0,
    "legend": 1164,
    "logLines": 150,
    "missions": 0,
    "month": 1,
    "morale": 100,
    "power": 2910,
    "prestigeTier": "S",
    "prospects": 17,
    "reputation": 994,
    "ryo": 5195567,
    "shinobi": 14,
    "squads": 0,
    "staff": 0,
    "year": 11,
  },
]
`;

exports[`tick characterisation > seed 24680 — 36 months, yearly fingerprints 1`] = `
[
  {
    "injured": 1,
    "legend": 98,
    "logLines": 150,
    "missions": 2,
    "month": 1,
    "morale": 100,
    "power": 4578,
    "prestigeTier": "C",
    "prospects": 15,
    "reputation": 136,
    "ryo": 524536,
    "shinobi": 22,
    "squads": 0,
    "staff": 2,
    "year": 2,
  },
  {
    "injured": 0,
    "legend": 255,
    "logLines": 150,
    "missions": 1,
    "month": 1,
    "morale": 100,
    "power": 4617,
    "prestigeTier": "B",
    "prospects": 19,
    "reputation": 249,
    "ryo": 924373,
    "shinobi": 22,
    "squads": 0,
    "staff": 1,
    "year": 3,
  },
  {
    "injured": 1,
    "legend": 406,
    "logLines": 150,
    "missions": 2,
    "month": 1,
    "morale": 100,
    "power": 4326,
    "prestigeTier": "A",
    "prospects": 15,
    "reputation": 406,
    "ryo": 1469791,
    "shinobi": 21,
    "squads": 0,
    "staff": 1,
    "year": 4,
  },
]
`;

exports[`tick characterisation > seed 98765 — 36 months, yearly fingerprints 1`] = `
[
  {
    "injured": 0,
    "legend": 101,
    "logLines": 150,
    "missions": 2,
    "month": 1,
    "morale": 100,
    "power": 4674,
    "prestigeTier": "C",
    "prospects": 15,
    "reputation": 150,
    "ryo": 683557,
    "shinobi": 22,
    "squads": 0,
    "staff": 2,
    "year": 2,
  },
  {
    "injured": 0,
    "legend": 228,
    "logLines": 150,
    "missions": 2,
    "month": 1,
    "morale": 93,
    "power": 4720,
    "prestigeTier": "B",
    "prospects": 18,
    "reputation": 278,
    "ryo": 1221685,
    "shinobi": 22,
    "squads": 0,
    "staff": 1,
    "year": 3,
  },
  {
    "injured": 0,
    "legend": 368,
    "logLines": 150,
    "missions": 1,
    "month": 1,
    "morale": 100,
    "power": 4479,
    "prestigeTier": "A",
    "prospects": 17,
    "reputation": 450,
    "ryo": 1411991,
    "shinobi": 21,
    "squads": 0,
    "staff": 1,
    "year": 4,
  },
]
`;
